nohup: ignoring input
intial allocation 0
START: dataset prep
DONE: dataset prep
DONE: model prep
START: validation

  0%|          | 0/48 [00:00<?, ?it/s]
  2%|▏         | 1/48 [00:04<03:16,  4.19s/it]
  4%|▍         | 2/48 [00:08<03:12,  4.17s/it]
  6%|▋         | 3/48 [00:12<03:07,  4.17s/it]
  8%|▊         | 4/48 [00:16<03:03,  4.16s/it]
 10%|█         | 5/48 [00:20<03:00,  4.20s/it]
 12%|█▎        | 6/48 [00:25<02:57,  4.24s/it]
 15%|█▍        | 7/48 [00:29<02:53,  4.24s/it]
 17%|█▋        | 8/48 [00:33<02:50,  4.27s/it]
 19%|█▉        | 9/48 [00:38<02:45,  4.26s/it]
 21%|██        | 10/48 [00:42<02:41,  4.25s/it]
 23%|██▎       | 11/48 [00:46<02:37,  4.26s/it]
 25%|██▌       | 12/48 [00:50<02:33,  4.27s/it]
 27%|██▋       | 13/48 [00:55<02:30,  4.30s/it]
 29%|██▉       | 14/48 [00:59<02:25,  4.28s/it]
 31%|███▏      | 15/48 [01:03<02:21,  4.27s/it]
 33%|███▎      | 16/48 [01:07<02:16,  4.27s/it]
 35%|███▌      | 17/48 [01:12<02:12,  4.27s/it]
 38%|███▊      | 18/48 [01:16<02:08,  4.28s/it]
 40%|███▉      | 19/48 [01:20<02:05,  4.32s/it]
 42%|████▏     | 20/48 [01:25<02:01,  4.35s/it]
 44%|████▍     | 21/48 [01:29<01:57,  4.37s/it]
 46%|████▌     | 22/48 [01:34<01:53,  4.37s/it]
 48%|████▊     | 23/48 [01:38<01:49,  4.39s/it]
 50%|█████     | 24/48 [01:43<01:46,  4.42s/it]
 52%|█████▏    | 25/48 [01:47<01:42,  4.45s/it]
 54%|█████▍    | 26/48 [01:51<01:35,  4.36s/it]
 56%|█████▋    | 27/48 [01:56<01:31,  4.34s/it]
 58%|█████▊    | 28/48 [02:00<01:26,  4.31s/it]
 60%|██████    | 29/48 [02:04<01:21,  4.27s/it]
 62%|██████▎   | 30/48 [02:08<01:16,  4.23s/it]
 65%|██████▍   | 31/48 [02:12<01:11,  4.21s/it]
 67%|██████▋   | 32/48 [02:17<01:07,  4.23s/it]
 69%|██████▉   | 33/48 [02:21<01:03,  4.24s/it]
 71%|███████   | 34/48 [02:25<00:59,  4.22s/it]
 73%|███████▎  | 35/48 [02:29<00:55,  4.23s/it]
 75%|███████▌  | 36/48 [02:33<00:50,  4.23s/it]
 77%|███████▋  | 37/48 [02:38<00:46,  4.23s/it]
 79%|███████▉  | 38/48 [02:42<00:42,  4.23s/it]
 81%|████████▏ | 39/48 [02:46<00:37,  4.22s/it]
 83%|████████▎ | 40/48 [02:50<00:33,  4.23s/it]
 85%|████████▌ | 41/48 [02:55<00:29,  4.26s/it]
 88%|████████▊ | 42/48 [02:59<00:25,  4.26s/it]
 90%|████████▉ | 43/48 [03:03<00:21,  4.28s/it]
 92%|█████████▏| 44/48 [03:08<00:17,  4.28s/it]
 94%|█████████▍| 45/48 [03:12<00:12,  4.29s/it]
 96%|█████████▌| 46/48 [03:16<00:08,  4.26s/it]
 98%|█████████▊| 47/48 [03:20<00:04,  4.27s/it]
100%|██████████| 48/48 [03:22<00:00,  3.33s/it]
100%|██████████| 48/48 [03:22<00:00,  4.21s/it]
Val_Acc: 81.80615282831624
DONE: validation
START: cams, iou and auprc evaluation

  0%|          | 0/48 [00:00<?, ?it/s]
  2%|▏         | 1/48 [00:10<08:28, 10.81s/it]
  4%|▍         | 2/48 [00:23<09:18, 12.14s/it]
  6%|▋         | 3/48 [00:34<08:38, 11.52s/it]
  8%|▊         | 4/48 [00:44<08:05, 11.03s/it]
 10%|█         | 5/48 [00:56<08:04, 11.26s/it]
 12%|█▎        | 6/48 [01:10<08:26, 12.05s/it]
 15%|█▍        | 7/48 [01:21<08:09, 11.95s/it]
 17%|█▋        | 8/48 [01:31<07:32, 11.31s/it]
 19%|█▉        | 9/48 [01:44<07:33, 11.63s/it]
 21%|██        | 10/48 [01:58<07:48, 12.33s/it]
 23%|██▎       | 11/48 [02:11<07:50, 12.72s/it]
 25%|██▌       | 12/48 [02:22<07:20, 12.24s/it]
 27%|██▋       | 13/48 [02:34<07:06, 12.19s/it]
 29%|██▉       | 14/48 [02:45<06:41, 11.81s/it]
 31%|███▏      | 15/48 [02:58<06:34, 11.96s/it]
 33%|███▎      | 16/48 [03:12<06:43, 12.61s/it]
 35%|███▌      | 17/48 [03:22<06:09, 11.94s/it]
 38%|███▊      | 18/48 [03:34<05:55, 11.87s/it]
 40%|███▉      | 19/48 [03:43<05:23, 11.17s/it]
 42%|████▏     | 20/48 [03:55<05:15, 11.27s/it]
 44%|████▍     | 21/48 [04:07<05:10, 11.49s/it]
 46%|████▌     | 22/48 [04:19<05:05, 11.76s/it]
 48%|████▊     | 23/48 [04:30<04:44, 11.38s/it]
 50%|█████     | 24/48 [04:38<04:13, 10.55s/it]
 52%|█████▏    | 25/48 [04:53<04:27, 11.64s/it]
 54%|█████▍    | 26/48 [05:06<04:25, 12.08s/it]
 56%|█████▋    | 27/48 [05:18<04:17, 12.27s/it]
 58%|█████▊    | 28/48 [05:30<03:58, 11.93s/it]
 60%|██████    | 29/48 [05:42<03:48, 12.04s/it]
 62%|██████▎   | 30/48 [05:55<03:44, 12.47s/it]
 65%|██████▍   | 31/48 [06:09<03:36, 12.75s/it]
 67%|██████▋   | 32/48 [06:20<03:16, 12.28s/it]
 69%|██████▉   | 33/48 [06:32<03:02, 12.16s/it]
 71%|███████   | 34/48 [06:43<02:45, 11.79s/it]
 73%|███████▎  | 35/48 [06:57<02:43, 12.58s/it]
 75%|███████▌  | 36/48 [07:10<02:32, 12.70s/it]
 77%|███████▋  | 37/48 [07:23<02:20, 12.74s/it]
 79%|███████▉  | 38/48 [07:38<02:14, 13.48s/it]
 81%|████████▏ | 39/48 [07:53<02:03, 13.76s/it]
 83%|████████▎ | 40/48 [08:06<01:48, 13.60s/it]
 85%|████████▌ | 41/48 [08:20<01:36, 13.81s/it]
 88%|████████▊ | 42/48 [08:34<01:22, 13.82s/it]
 90%|████████▉ | 43/48 [08:47<01:07, 13.53s/it]
 92%|█████████▏| 44/48 [09:02<00:55, 14.00s/it]
 94%|█████████▍| 45/48 [09:16<00:41, 13.94s/it]
 96%|█████████▌| 46/48 [09:25<00:25, 12.68s/it]
 98%|█████████▊| 47/48 [09:39<00:12, 12.81s/it]
100%|██████████| 48/48 [09:44<00:00, 10.53s/it]
100%|██████████| 48/48 [09:44<00:00, 12.17s/it]
DONE: cams, iou and auprc evaluation
START: cams output creation
DONE: cams output creation
START: aggregated metrics calculation
DONE: aggregated metrics calculation 



IOU for grad_cam_heatmap:  14.631266004040105 %
AUPRC for grad_cam_heatmap:  0.25417670694921096
AUC for grad_cam_heatmap:  0.6698456741307554
Correlation Score for grad_cam_heatmap:  0.36770593407769203


IOU for diff_grad_cam_heatmap:  14.631266004040105 %
AUPRC for diff_grad_cam_heatmap:  0.25417670694921096
AUC for diff_grad_cam_heatmap:  0.6698456741307554
Correlation Score for diff_grad_cam_heatmap:  0.36770593407769203


IOU for diff_cam_heatmap:  10.504465988365013 %
AUPRC for diff_cam_heatmap:  0.21111955109829045
AUC for diff_cam_heatmap:  0.7352333339608516
Correlation Score for diff_cam_heatmap:  0.19769696704967796


IOU for counter_factual_heatmap:  15.524804061860129 %
AUPRC for counter_factual_heatmap:  0.2685246133919347
AUC for counter_factual_heatmap:  0.7428857828808961
Correlation Score for counter_factual_heatmap:  0.33232702981607076


IOU for torch_cam_grad_cam_heatmap:  14.631539254885832 %
AUPRC for torch_cam_grad_cam_heatmap:  0.25417675949192564
AUC for torch_cam_grad_cam_heatmap:  0.6698456991556991
Correlation Score for torch_cam_grad_cam_heatmap:  0.3676726141965919


IOU for torch_cam_grad_campp_heatmap:  15.059562594887865 %
AUPRC for torch_cam_grad_campp_heatmap:  0.2697408981634101
AUC for torch_cam_grad_campp_heatmap:  0.7841433188182938
Correlation Score for torch_cam_grad_campp_heatmap:  0.2156995385124151


IOU for torch_cam_score_cam_heatmap:  14.631266004040105 %
AUPRC for torch_cam_score_cam_heatmap:  0.25417670694921096
AUC for torch_cam_score_cam_heatmap:  0.6698456741307554
Correlation Score for torch_cam_score_cam_heatmap:  0.36770593407769203


