intial allocation 0
START: dataset prep
DONE: dataset prep
DONE: model prep
START: validation

  0%|          | 0/48 [00:00<?, ?it/s]
  2%|▏         | 1/48 [00:04<03:22,  4.31s/it]
  4%|▍         | 2/48 [00:08<03:13,  4.21s/it]
  6%|▋         | 3/48 [00:12<03:06,  4.14s/it]
  8%|▊         | 4/48 [00:16<03:02,  4.16s/it]
 10%|█         | 5/48 [00:20<02:58,  4.15s/it]
 12%|█▎        | 6/48 [00:25<02:56,  4.19s/it]
 15%|█▍        | 7/48 [00:29<02:51,  4.19s/it]
 17%|█▋        | 8/48 [00:33<02:47,  4.19s/it]
 19%|█▉        | 9/48 [00:37<02:42,  4.17s/it]
 21%|██        | 10/48 [00:41<02:40,  4.21s/it]
 23%|██▎       | 11/48 [00:46<02:36,  4.24s/it]
 25%|██▌       | 12/48 [00:50<02:32,  4.25s/it]
 27%|██▋       | 13/48 [00:54<02:28,  4.25s/it]
 29%|██▉       | 14/48 [00:58<02:23,  4.23s/it]
 31%|███▏      | 15/48 [01:03<02:20,  4.25s/it]
 33%|███▎      | 16/48 [01:07<02:15,  4.24s/it]
 35%|███▌      | 17/48 [01:11<02:12,  4.26s/it]
 38%|███▊      | 18/48 [01:15<02:07,  4.26s/it]
 40%|███▉      | 19/48 [01:20<02:04,  4.30s/it]
 42%|████▏     | 20/48 [01:24<02:01,  4.32s/it]
 44%|████▍     | 21/48 [01:28<01:56,  4.30s/it]
 46%|████▌     | 22/48 [01:33<01:52,  4.31s/it]
 48%|████▊     | 23/48 [01:37<01:47,  4.29s/it]
 50%|█████     | 24/48 [01:41<01:42,  4.28s/it]
 52%|█████▏    | 25/48 [01:46<01:37,  4.25s/it]
 54%|█████▍    | 26/48 [01:50<01:32,  4.20s/it]
 56%|█████▋    | 27/48 [01:54<01:27,  4.18s/it]
 58%|█████▊    | 28/48 [01:58<01:23,  4.16s/it]
 60%|██████    | 29/48 [02:02<01:18,  4.14s/it]
 62%|██████▎   | 30/48 [02:06<01:15,  4.18s/it]
 65%|██████▍   | 31/48 [02:10<01:09,  4.11s/it]
 67%|██████▋   | 32/48 [02:14<01:05,  4.10s/it]
 69%|██████▉   | 33/48 [02:18<01:00,  4.03s/it]
 71%|███████   | 34/48 [02:22<00:56,  4.05s/it]
 73%|███████▎  | 35/48 [02:26<00:52,  4.07s/it]
 75%|███████▌  | 36/48 [02:30<00:49,  4.10s/it]
 77%|███████▋  | 37/48 [02:34<00:44,  4.07s/it]
 79%|███████▉  | 38/48 [02:38<00:40,  4.05s/it]
 81%|████████▏ | 39/48 [02:43<00:36,  4.08s/it]
 83%|████████▎ | 40/48 [02:47<00:32,  4.12s/it]
 85%|████████▌ | 41/48 [02:51<00:28,  4.06s/it]
 88%|████████▊ | 42/48 [02:55<00:24,  4.04s/it]
 90%|████████▉ | 43/48 [02:59<00:20,  4.03s/it]
 92%|█████████▏| 44/48 [03:03<00:16,  4.06s/it]
 94%|█████████▍| 45/48 [03:07<00:12,  4.09s/it]
 96%|█████████▌| 46/48 [03:11<00:08,  4.12s/it]
 98%|█████████▊| 47/48 [03:15<00:04,  4.11s/it]
100%|██████████| 48/48 [03:16<00:00,  3.20s/it]
100%|██████████| 48/48 [03:16<00:00,  4.10s/it]
Val_Acc: 82.46774727092293
DONE: validation
START: cams, iou and auprc evaluation

  0%|          | 0/48 [00:00<?, ?it/s]
  2%|▏         | 1/48 [00:10<08:33, 10.93s/it]
  4%|▍         | 2/48 [00:24<09:37, 12.55s/it]
  6%|▋         | 3/48 [00:35<08:57, 11.95s/it]
  8%|▊         | 4/48 [00:46<08:22, 11.42s/it]
 10%|█         | 5/48 [00:58<08:20, 11.63s/it]
 12%|█▎        | 6/48 [01:12<08:44, 12.49s/it]
 15%|█▍        | 7/48 [01:25<08:34, 12.54s/it]
 17%|█▋        | 8/48 [01:35<07:46, 11.67s/it]
 19%|█▉        | 9/48 [01:48<07:56, 12.22s/it]
 21%|██        | 10/48 [02:02<08:07, 12.82s/it]
 23%|██▎       | 11/48 [02:16<08:07, 13.18s/it]
 25%|██▌       | 12/48 [02:28<07:36, 12.69s/it]
 27%|██▋       | 13/48 [02:40<07:20, 12.59s/it]
 29%|██▉       | 14/48 [02:51<06:53, 12.15s/it]
 31%|███▏      | 15/48 [03:04<06:47, 12.36s/it]
 33%|███▎      | 16/48 [03:19<06:59, 13.12s/it]
 35%|███▌      | 17/48 [03:30<06:25, 12.42s/it]
 38%|███▊      | 18/48 [03:42<06:12, 12.43s/it]
 40%|███▉      | 19/48 [03:53<05:42, 11.81s/it]
 42%|████▏     | 20/48 [04:05<05:32, 11.87s/it]
 44%|████▍     | 21/48 [04:17<05:27, 12.13s/it]
 46%|████▌     | 22/48 [04:31<05:24, 12.48s/it]
 48%|████▊     | 23/48 [04:42<05:02, 12.11s/it]
 50%|█████     | 24/48 [04:51<04:28, 11.18s/it]
 52%|█████▏    | 25/48 [05:06<04:43, 12.33s/it]
 54%|█████▍    | 26/48 [05:20<04:40, 12.73s/it]
 56%|█████▋    | 27/48 [05:33<04:29, 12.81s/it]
 58%|█████▊    | 28/48 [05:44<04:07, 12.36s/it]
 60%|██████    | 29/48 [05:57<04:00, 12.67s/it]
 62%|██████▎   | 30/48 [06:11<03:53, 12.95s/it]
 65%|██████▍   | 31/48 [06:25<03:44, 13.20s/it]
 67%|██████▋   | 32/48 [06:36<03:21, 12.61s/it]
 69%|██████▉   | 33/48 [06:48<03:05, 12.37s/it]
 71%|███████   | 34/48 [06:59<02:46, 11.92s/it]
 73%|███████▎  | 35/48 [07:13<02:46, 12.79s/it]
 75%|███████▌  | 36/48 [07:28<02:40, 13.37s/it]
 77%|███████▋  | 37/48 [07:42<02:27, 13.38s/it]
 79%|███████▉  | 38/48 [07:57<02:19, 13.99s/it]
 81%|████████▏ | 39/48 [08:11<02:06, 14.05s/it]
 83%|████████▎ | 40/48 [08:25<01:51, 13.95s/it]
 85%|████████▌ | 41/48 [08:39<01:38, 14.06s/it]
 88%|████████▊ | 42/48 [08:53<01:24, 14.14s/it]
 90%|████████▉ | 43/48 [09:07<01:09, 13.86s/it]
 92%|█████████▏| 44/48 [09:23<00:57, 14.45s/it]
 94%|█████████▍| 45/48 [09:37<00:43, 14.41s/it]
 96%|█████████▌| 46/48 [09:47<00:26, 13.05s/it]
 98%|█████████▊| 47/48 [10:00<00:13, 13.14s/it]
100%|██████████| 48/48 [10:05<00:00, 10.80s/it]
100%|██████████| 48/48 [10:05<00:00, 12.62s/it]
DONE: cams, iou and auprc evaluation
START: cams output creation
DONE: cams output creation
START: aggregated metrics calculation
DONE: aggregated metrics calculation

IOU for grad_cam_heatmap:  12.83498393642804 %
AUPRC for grad_cam_heatmap:  0.23162331984192092
AUC for grad_cam_heatmap:  0.6627457670092438
Correlation Score for grad_cam_heatmap:  0.33357622495697203


IOU for diff_grad_cam_heatmap:  12.83498393642804 %
AUPRC for diff_grad_cam_heatmap:  0.23162331984192092
AUC for diff_grad_cam_heatmap:  0.6627457670092438
Correlation Score for diff_grad_cam_heatmap:  0.33357622495697203


IOU for diff_cam_heatmap:  12.095130791988483 %
AUPRC for diff_cam_heatmap:  0.23110978382325942
AUC for diff_cam_heatmap:  0.7648917441336086
Correlation Score for diff_cam_heatmap:  0.2219371484137173


IOU for counter_factual_heatmap:  14.488799625553561 %
AUPRC for counter_factual_heatmap:  0.2572893332059675
AUC for counter_factual_heatmap:  0.7550299772138949
Correlation Score for counter_factual_heatmap:  0.22090185271859747


IOU for torch_cam_grad_cam_heatmap:  12.835895130897129 %
AUPRC for torch_cam_grad_cam_heatmap:  0.23162359093361615
AUC for torch_cam_grad_cam_heatmap:  0.6627457767214888
Correlation Score for torch_cam_grad_cam_heatmap:  0.33357372847751154


IOU for torch_cam_grad_campp_heatmap:  13.655090338299408 %
AUPRC for torch_cam_grad_campp_heatmap:  0.25290891799121584
AUC for torch_cam_grad_campp_heatmap:  0.7882677520480893
Correlation Score for torch_cam_grad_campp_heatmap:  0.23338575010051904


IOU for torch_cam_score_cam_heatmap:  12.83498393642804 %
AUPRC for torch_cam_score_cam_heatmap:  0.23162331984192092
AUC for torch_cam_score_cam_heatmap:  0.6627457670092438
Correlation Score for torch_cam_score_cam_heatmap:  0.33357622495697203


